// Jest Snapshot v1, https://goo.gl/fbAQLP

exports[`IssueEntry renders correctly 1`] = `
<ListEntry
  entryFields={
    Array [
      Object {
        "field": "Application Issue",
        "label": "Issue Type:",
      },
      Object {
        "field": "Application Crash",
        "label": "Issue Category:",
      },
      Object {
        "field": "The application keeps crashing!",
        "label": "Issue Description:",
      },
      Object {
        "field": "kmccain",
        "label": "Submitted By:",
      },
    ]
  }
  index={5}
  select={[MockFunction]}
/>
`;
