// Jest Snapshot v1, https://goo.gl/fbAQLP

exports[`ViewIssues renders correctly 1`] = `
<BodyCard
  title="View Existing Issues"
>
  <SubmissionBody
    submit={[Function]}
  >
    <QueryAndView
      query={[MockFunction]}
      queryPath="/api/issues/all"
    >
      <QueryAllHeader />
      <QueryList
        entryType="Issue"
        list={Array []}
      >
        <IssueEntry />
      </QueryList>
    </QueryAndView>
  </SubmissionBody>
</BodyCard>
`;
