// Jest Snapshot v1, https://goo.gl/fbAQLP

exports[`ViewIssues renders correctly 1`] = `
<SubmissionBody
  submit={[Function]}
>
  <QueryAndView
    query={[MockFunction]}
    queryPath="/api/issues/all"
    title="View Existing Issues"
  >
    <QueryAllHeader />
    <QueryList
      entryType="Issue"
      list={Array []}
    >
      <IssueEntry />
    </QueryList>
    <IssueForm />
  </QueryAndView>
</SubmissionBody>
`;
