// Jest Snapshot v1, https://goo.gl/fbAQLP

exports[`IBCSQuestionForm renders correctly 1`] = `
<BodyCard
  title="Add New IBCS Question"
>
  <div
    id="issue-form-body"
  >
    <BaseQuestionFields
      answerA=""
      answerB=""
      answerC=""
      correctAnswer=""
      inputHandler={[Function]}
      isAnswerAValid={null}
      isAnswerBValid={null}
      isAnswerCValid={null}
      isCorrectAnswerValid={null}
      isQuestionDescriptionValid={null}
      isQuestionTypeValid={null}
      questionDescription=""
      questionType="Multiple Choice"
    />
    <CheckBoxGroup
      boxGroup={
        Array [
          Object {
            "id": "tactics",
            "label": "Tactics",
            "value": false,
          },
          Object {
            "id": "earlyWarning",
            "label": "Early Warning",
            "value": false,
          },
          Object {
            "id": "weaponsControl",
            "label": "Weapons Control",
            "value": false,
          },
        ]
      }
      checkboxChange={[Function]}
      errorMessage="At least one 'Test Type' must be selected!"
      heading="Please select the tests for which this question is applicable:"
      isValid={null}
    />
  </div>
  <TestFooter
    cancelButtonID="clearAllButton"
    cancelButtonText="Clear All"
    clickHandler={[Function]}
  />
</BodyCard>
`;
